<area shape="rect" href="$classprog_1_1assignment_1_1gol_1_1board_1_1_array_list_board.html#581e4e1c9738253482f9cb5955953ff8" title="prog.assignment.gol.board.ArrayListBoard.getCell" alt="" coords="428,5,745,32">
<area shape="rect" href="$interfaceprog_1_1assignment_1_1gol_1_1board_1_1_board.html#8d1be4e1dd51df0d8edf36aaba9d96d2" title="prog.assignment.gol.board.Board.getCell" alt="" coords="455,56,719,83">
<area shape="rect" href="$classprog_1_1assignment_1_1gol_1_1board_1_1_cell.html#c0002b8637948d716e50da5f751fd917" title="prog.assignment.gol.board.Cell.getState" alt="" coords="457,107,716,133">
<area shape="rect" href="$classprog_1_1assignment_1_1gol_1_1board_1_1_array_list_board.html#bdf664431a371426e6d32455e06eeb34" title="prog.assignment.gol.board.ArrayListBoard.getXSize" alt="" coords="423,157,751,184">
<area shape="rect" href="$classprog_1_1assignment_1_1gol_1_1board_1_1_array_list_board.html#25c4228f2c20b82b0193fc13c6d4745d" title="prog.assignment.gol.board.ArrayListBoard.getYSize" alt="" coords="423,208,751,235">
<area shape="rect" href="$classprog_1_1assignment_1_1gol_1_1board_1_1_cell.html#bfad42f683bb36a7d6b435016ee88965" title="prog.assignment.gol.board.Cell.setState" alt="" coords="457,259,716,285">
<area shape="rect" href="$classprog_1_1assignment_1_1gol_1_1board_1_1_list_of_list.html#ff02e97cb4dbd185ec48fe0f849d5d80" title="prog.assignment.gol.board.ListOfList.getCell" alt="" coords="807,5,1092,32">
<area shape="rect" href="$classprog_1_1assignment_1_1gol_1_1board_1_1_list_of_list.html#62140c7b08eee5398b711c14907e81b6" title="prog.assignment.gol.board.ListOfList.getXSize" alt="" coords="801,157,1097,184">
<area shape="rect" href="$classprog_1_1assignment_1_1gol_1_1board_1_1_list_of_list.html#805539f6db19dcf071f25a60cb8e5f04" title="prog.assignment.gol.board.ListOfList.getYSize" alt="" coords="801,208,1097,235">
