<area shape="rect" href="$classprog_1_1assignment_1_1gol_1_1board_1_1_array_list_board.html#25c4228f2c20b82b0193fc13c6d4745d" title="prog.assignment.gol.board.ArrayListBoard.getYSize" alt="" coords="353,56,681,83">
<area shape="rect" href="$classprog_1_1assignment_1_1gol_1_1board_1_1_list_of_list.html#5dc408167ec419dbf4b3eae148aa4c1a" title="prog.assignment.gol.board.ListOfList.toString" alt="" coords="373,107,661,133">
<area shape="rect" href="$classprog_1_1assignment_1_1gol_1_1board_1_1_array_list_board.html#e9dde5db8a42af3a7c3ca05cd8c05a11" title="prog.assignment.gol.board.ArrayListBoard.copyStateFrom" alt="" coords="732,5,1097,32">
<area shape="rect" href="$classprog_1_1assignment_1_1gol_1_1board_1_1_array_list_board.html#db2088a51a1e1992822323418cd6d359" title="prog.assignment.gol.board.ArrayListBoard.display" alt="" coords="756,56,1073,83">
<area shape="rect" href="$classprog_1_1assignment_1_1gol_1_1board_1_1_array_list_board.html#d17fe896395889557235a8a3830938f9" title="prog.assignment.gol.board.ArrayListBoard.toString" alt="" coords="753,107,1076,133">
