<area shape="rect" href="$classprog_1_1assignment_1_1gol_1_1board_1_1_array_list_board.html#581e4e1c9738253482f9cb5955953ff8" title="prog.assignment.gol.board.ArrayListBoard.getCell" alt="" coords="339,56,656,83">
<area shape="rect" href="$classprog_1_1assignment_1_1gol_1_1board_1_1_array_list_board.html#c468fa89d150cb8b3e9c17b5217cd916" title="prog.assignment.gol.board.ArrayListBoard.initializeFromSize" alt="" coords="705,107,1084,133">
<area shape="rect" href="$classprog_1_1assignment_1_1gol_1_1board_1_1_list_of_list.html#5dc408167ec419dbf4b3eae148aa4c1a" title="prog.assignment.gol.board.ListOfList.toString" alt="" coords="353,157,641,184">
<area shape="rect" href="$classprog_1_1assignment_1_1gol_1_1board_1_1_array_list_board.html#e9dde5db8a42af3a7c3ca05cd8c05a11" title="prog.assignment.gol.board.ArrayListBoard.copyStateFrom" alt="" coords="712,5,1077,32">
<area shape="rect" href="$classprog_1_1assignment_1_1gol_1_1board_1_1_array_list_board.html#db2088a51a1e1992822323418cd6d359" title="prog.assignment.gol.board.ArrayListBoard.display" alt="" coords="736,56,1053,83">
<area shape="rect" href="$classprog_1_1assignment_1_1gol_1_1board_1_1_array_list_board.html#d17fe896395889557235a8a3830938f9" title="prog.assignment.gol.board.ArrayListBoard.toString" alt="" coords="733,157,1056,184">
